<?xml version="1.0" encoding="UTF-8"?>
<itop_design xmlns:xsi="http://www.w3.org/2001/XMLSchema-instance" version="1.7">
  <classes>
    <class id="ClassWithStateButNoLifecycle">
      <properties>
        <icon>images/class-with-lifecycle.png</icon>
      </properties>
    </class>
    <class id="ClassWithStateAndLifecycle">
      <properties>
        <icon>images/class-with-lifecycle.png</icon>
      </properties>
      <lifecycle>
        <attribute>foo</attribute>
      </lifecycle>
    </class>
    <class id="ClassWithStateAndImage">
      <properties>
        <icon>images/class-with-lifecycle.png</icon>
      </properties>
    </class>
    <class id="ClassWithImageOnly">
      <properties>
        <icon>images/class-with-lifecycle.png</icon>
      </properties>
    </class>
    <class id="OtherClass">
      <properties>
        <icon revisionid="2" _delta="redefine">
          <fileref ref="company_0faae3b9d86b7c382b2e4cdae570bc3c" revisionid="62"/>
        </icon>
      </properties>
      <fields>
        <field id="status" xsi:type="AttributeEnum">
          <always_load_in_tables>true</always_load_in_tables>
          <values>
            <value id="new">new</value>
            <value id="waiting_for_approval">waiting_for_approval</value>
          </values>
        </field>
        <field id="operational_status" xsi:type="AttributeMetaEnum">
          <values>
            <value id="ongoing">ongoing</value>
            <value id="resolved">resolved</value>
          </values>
        </field>
      </fields>
    </class>
  </classes>
  <menus>
    <menu id="WelcomeMenuLink1" xsi:type="WebPageMenuNode" _delta="define">
      <rank>100</rank>
      <parent>WelcomeMenu</parent>
      <url>$$http://fr.wikipedia.org/</url>
      <in_new_window>true</in_new_window>
    </menu>
    <menu id="RequestManagement" xsi:type="MenuGroup" _delta="define">
      <rank>30</rank>
      <enable_stimulus/>
    </menu>
  </menus>
  <branding>
    <main_logo _delta="define">images/itop-logo.png</main_logo>
  </branding>
</itop_design>
